LEMA necessidade: rank = 6 nucleo trivial = True
{
 "ARI_ref_vs_forced24": 0.4201,
 "ARI_ref_vs_subtipo": -0.1285,
 "ARI_ref_vs_tau_classe": 0.5185,
 "L1_forced_vs_selected": {
  "forced_iso24": 5,
  "sel_iso<24": 63
 },
 "L2_resumo": {
  "graus_regulares": 5,
  "hist_iso": {
   "1": 17,
   "2": 2,
   "4": 5
  },
  "hist_n_dist_perfil": {
   "3": 1,
   "4": 10,
   "5": 13
  },
  "hist_neq": {
   "12": 4,
   "2": 8,
   "3": 9,
   "4": 2,
   "8": 1
  },
  "hist_posicoes_alteradas": {
   "2": 24
  },
  "n": 24
 },
 "cell_46": {
  "DT_lam": 3,
  "DT_oth": 7,
  "FC_oth": 3,
  "T_in": 7,
  "T_out": 26
 },
 "fam20_par_iso": {
  "n_L1L1_com_mesmo_par": 2,
  "par": [
   2,
   24
  ]
 },
 "robustez_ARI": {
  "nuclear/average vs alargado/average": 0.7891,
  "nuclear/average vs geometria/average": 0.8377,
  "nuclear/average vs nuclear/complete": 0.2136,
  "nuclear/average vs nuclear/single": 0.5403
 },
 "subtipos_ordenados_(nivB,nivA)": {
  "('L1', 'L1')": 29,
  "('L1', 'L2')": 5,
  "('L2', 'L1')": 5,
  "('L2', 'L2')": 7
 },
 "tau_classe_46": {
  "(1, 1, 2)": 33,
  "(2, 2)": 10,
  "(4,)": 3
 }
}
clusters ref (nuclear/average): {"0": {"iso_pares": {"(2, 24)": 2, "(8, 24)": 1}, "n": 3, "subtipos": {"('L1', 'L1')": 3}, "tau": {"(1, 1, 2)": 1, "(2, 2)": 2}}, "1": {"iso_pares": {"(1, 1)": 3, "(1, 2)": 8, "(1, 4)": 3, "(2, 2)": 11, "(2, 4)": 2, "(2, 6)": 4, "(2, 8)": 2}, "n": 33, "subtipos": {"('L1', 'L1')": 18, "('L1', 'L2')": 5, "('L2', 'L1')": 5, "('L2', 'L2')": 5}, "tau": {"(1, 1, 2)": 30, "(2, 2)": 3}}, "2": {"iso_pares": {"(2, 8)": 2, "(4, 24)": 1, "(4, 4)": 2, "(4, 8)": 3, "(8, 24)": 1, "(8, 8)": 1}, "n": 10, "subtipos": {"('L1', 'L1')": 8, "('L2', 'L2')": 2}, "tau": {"(1, 1, 2)": 2, "(2, 2)": 5, "(4,)": 3}}}
P(colapso|celula): {
 "C3": {
  "colapsos": 0,
  "n": 3451,
  "taxa": 0.0
 },
 "DT_lam": {
  "colapsos": 3,
  "n": 417,
  "taxa": 0.007194
 },
 "DT_oth": {
  "colapsos": 7,
  "n": 904,
  "taxa": 0.007743
 },
 "FC_lam": {
  "colapsos": 0,
  "n": 895,
  "taxa": 0.0
 },
 "FC_oth": {
  "colapsos": 3,
  "n": 1718,
  "taxa": 0.001746
 },
 "T_in": {
  "colapsos": 7,
  "n": 835,
  "taxa": 0.008383
 },
 "T_out": {
  "colapsos": 26,
  "n": 1780,
  "taxa": 0.014607
 }
}
sha256 analise: 450aee5e1e44fc955814820d972edca6fc4058fa51638518db8a65fe0918c3df
