{
 "agregado_global_II_N10000": {
  "L1": 705,
  "L2": 225,
  "L3": 19070,
  "colapso_total_instancias": 46,
  "com_dep_ponto_a_ponto": 19993,
  "sem_dep_ponto_a_ponto": 7,
  "subtipos": {
   "('L1_d_iguais', 'L1_d_iguais')": 29,
   "('L1_d_iguais', 'L2_rank_igual_d_diferente')": 10,
   "('L2_rank_igual_d_diferente', 'L2_rank_igual_d_diferente')": 7
  },
  "total_arestas": 20000
 },
 "arestas_dep_zero_nos_exemplos_preservados_de_outras_classes": [],
 "fam20_referencia_do_lote1": {
  "C_AB->B": {
   "d0": [
    0,
    1024,
    1024,
    1024,
    1024,
    1792,
    1280,
    1536,
    1536
   ],
   "d1": [
    0,
    1024,
    1024,
    1024,
    1024,
    1792,
    1280,
    1536,
    1536
   ],
   "dep_sites": 4608,
   "nivel": "L1_d_iguais"
  },
  "C_BA->A": {
   "d0": [
    0,
    1024,
    1024,
    1024,
    1024,
    1536,
    1536,
    1536,
    1536
   ],
   "d1": [
    0,
    1024,
    1024,
    1024,
    1024,
    1536,
    1536,
    1536,
    1536
   ],
   "dep_sites": 4608,
   "nivel": "L1_d_iguais"
  }
 },
 "nota": "leitura deterministica de datasets existentes; nenhuma amostragem nova; nenhuma proposta de classificador",
 "nota_dep0_implica_L1": "dep_sites==0 => x0=
colapsos_46_dep_sites: {
 "arestas_dep_zero_nos_colapsos": 1,
 "detalhe_dep_zero": [
  {
   "aresta": "C_AB->B",
   "dep": 0,
   "nivel": "L1_d_iguais",
   "theta_sha": "964a55337a7a502f"
  }
 ],
 "instancias_com_AMBAS_arestas_dep_pos": 45,
 "max": 2048,
 "mediana": 1152,
 "min": 0,
 "n_arestas": 92,
 "n_instancias": 46,
 "p25": 1024,
 "p75": 1536
}
todos_os_valores: [0, 384, 384, 384, 768, 768, 768, 768, 768, 768, 768, 768, 768, 768, 768, 768, 768, 768, 768, 768, 768, 1024, 1024, 1024, 1024, 1152, 1152, 1152, 1152, 1152, 1152, 1152, 1152, 1152, 1152, 1152, 1152, 1152, 1152, 1152, 1152, 1152, 1152, 1152, 1152, 1152, 1152, 1152, 1152, 1152, 1152, 1152, 1152, 1536, 1536, 1536, 1536, 1536, 1536, 1536, 1536, 1536, 1536, 1536, 1536, 1536, 1536, 1536, 1536, 1536, 1536, 1536, 1536, 1536, 1536, 1536, 1536, 1792, 1920, 1920, 1920, 2048, 2048, 2048, 2048, 2048, 2048, 2048, 2048, 2048, 2048, 2048]
saida: /root/causal-A-postconfirmatory-analysis/multiagent/ws4-classIII-specificity/ws4-contraste-II.json
sha256_saida: 2ba9629c3f4ebbc6468b39f6f94e810c12f783c99e7104744026e7ca8b83b7f2
sha256_script: f757941e1897b630a672183c0980fe39657c6e376dbfb1d43b64c2137fd71678
